// Jest Snapshot v1, https://goo.gl/fbAQLP

exports[`exposes overridden theme: breakpoints 1`] = `
Object {
  "between": [Function],
  "down": [Function],
  "keys": Array [
    "xs",
    "sm",
    "md",
    "lg",
    "xl",
  ],
  "only": [Function],
  "up": [Function],
  "values": Object {
    "lg": 1280,
    "md": 960,
    "sm": 600,
    "xl": 1920,
    "xs": 0,
  },
  "width": [Function],
}
`;

exports[`exposes overridden theme: direction 1`] = `"ltr"`;

exports[`exposes overridden theme: mixins 1`] = `
Object {
  "gutters": [Function],
  "toolbar": Object {
    "@media (min-width:0px) and (orientation: landscape)": Object {
      "minHeight": 48,
    },
    "@media (min-width:600px)": Object {
      "minHeight": 64,
    },
    "minHeight": 56,
  },
}
`;

exports[`exposes overridden theme: overrides 1`] = `
Object {
  "MuiButton": Object {
    "contained": Object {
      "&$disabled": Object {
        "backgroundColor": undefined,
        "boxShadow": undefined,
        "color": undefined,
      },
      "&$focusVisible": Object {
        "boxShadow": undefined,
      },
      "&:active": Object {
        "boxShadow": undefined,
      },
      "&:hover": Object {
        "&$disabled": Object {
          "backgroundColor": undefined,
        },
        "@media (hover: none)": Object {
          "backgroundColor": undefined,
          "boxShadow": undefined,
        },
        "backgroundColor": undefined,
        "boxShadow": undefined,
      },
      "&[data-color=\\"error\\"]": Object {
        "&$disabled": Object {
          "backgroundColor": Color.Red100,
        },
        "&:not($disabled)": Object {
          "&:focus": Object {
            "boxShadow": "0 0 0 3px #FDC2BA",
          },
          "&:hover, &:active, &[aria-expanded=\\"true\\"]": Object {
            "backgroundColor": Color.Red500,
          },
        },
        "backgroundColor": Color.Red300,
      },
      "&[data-color=\\"primary\\"]": Object {
        "&$disabled": Object {
          "backgroundColor": Color.Blue100,
        },
        "&:not($disabled)": Object {
          "&:focus": Object {
            "boxShadow": "0 0 0 3px #A8D1FF",
          },
          "&:hover, &:active, &[aria-expanded=\\"true\\"]": Object {
            "backgroundColor": Color.Blue500,
          },
        },
        "backgroundColor": Color.Blue300,
      },
      "&[data-color=\\"success\\"]": Object {
        "&$disabled": Object {
          "backgroundColor": Color.Green100,
        },
        "&:not($disabled)": Object {
          "&:focus": Object {
            "boxShadow": "0 0 0 3px #90EAAE",
          },
          "&:hover, &:active, &[aria-expanded=\\"true\\"]": Object {
            "backgroundColor": Color.Green500,
          },
        },
        "backgroundColor": Color.Green300,
      },
      "backgroundColor": undefined,
      "boxShadow": undefined,
      "color": Color.White,
    },
    "containedSizeLarge": Object {
      "fontSize": undefined,
      "padding": undefined,
    },
    "containedSizeSmall": Object {
      "fontSize": undefined,
      "padding": undefined,
    },
    "label": Object {
      "& > svg": Object {
        "$sizeLarge &": Object {
          "fontSize": "24px",
        },
        "@media (min-width:0px) and (max-width:599.95px)": Object {
          "fontSize": "24px",
        },
        "fontSize": "20px",
      },
    },
    "outlined": Object {
      "&$disabled": Object {
        "border": undefined,
      },
      "&[data-color=\\"error\\"]": Object {
        "&$disabled[aria-busy=\\"false\\"]": Object {
          "boxShadow": "inset 0 0 0 1px #FDC2BA, 0 0 0 0 #FDC2BA",
          "color": Color.Red100,
        },
        "&:not($disabled)": Object {
          "&:focus": Object {
            "boxShadow": "inset 0 0 0 1px #EE3017, 0 0 0 2px #FDC2BA",
          },
          "&:hover, &:active, &[aria-expanded=\\"true\\"]": Object {
            "backgroundColor": Color.Red50,
            "boxShadow": "inset 0 0 0 1px #EE3017, 0 0 0 0 #FDC2BA",
            "color": Color.Red300,
          },
        },
        "&[aria-busy=\\"true\\"] $label > [role=\\"progressbar\\"]": Object {
          "color": Color.Red300,
        },
        "boxShadow": "inset 0 0 0 1px #EE3017, 0 0 0 0 #FDC2BA",
        "color": Color.Red300,
      },
      "&[data-color=\\"primary\\"]": Object {
        "&$disabled[aria-busy=\\"false\\"]": Object {
          "boxShadow": "inset 0 0 0 1px #E1E5EA, 0 0 0 0 #A8D1FF",
          "color": Color.Silver500,
        },
        "&:not($disabled)": Object {
          "&:focus": Object {
            "boxShadow": "inset 0 0 0 1px #0075FF, 0 0 0 2px #A8D1FF",
          },
          "&:hover, &:active, &[aria-expanded=\\"true\\"]": Object {
            "backgroundColor": Color.Blue50,
            "boxShadow": "inset 0 0 0 1px #0075FF, 0 0 0 0 #A8D1FF",
            "color": Color.Blue300,
          },
        },
        "&[aria-busy=\\"true\\"] $label > [role=\\"progressbar\\"]": Object {
          "color": Color.Grey200,
        },
        "boxShadow": "inset 0 0 0 1px #C4CDD5, 0 0 0 0 #A8D1FF",
        "color": Color.Grey500,
      },
      "&[data-color=\\"success\\"]": Object {
        "&$disabled[aria-busy=\\"false\\"]": Object {
          "boxShadow": "inset 0 0 0 1px #90EAAE, 0 0 0 0 #90EAAE",
          "color": Color.Green100,
        },
        "&:not($disabled)": Object {
          "&:focus": Object {
            "boxShadow": "inset 0 0 0 1px #1FA84D, 0 0 0 2px #90EAAE",
          },
          "&:hover, &:active, &[aria-expanded=\\"true\\"]": Object {
            "backgroundColor": Color.Green50,
            "boxShadow": "inset 0 0 0 1px #1FA84D, 0 0 0 0 #90EAAE",
            "color": Color.Green300,
          },
        },
        "&[aria-busy=\\"true\\"] $label > [role=\\"progressbar\\"]": Object {
          "color": Color.Green300,
        },
        "boxShadow": "inset 0 0 0 1px #1FA84D, 0 0 0 0 #90EAAE",
        "color": Color.Green300,
      },
      "backgroundColor": Color.White,
      "border": undefined,
      "padding": undefined,
    },
    "outlinedPrimary": Object {
      "&:hover": Object {
        "backgroundColor": undefined,
        "border": undefined,
      },
      "border": undefined,
    },
    "outlinedSizeLarge": Object {
      "fontSize": undefined,
      "padding": undefined,
    },
    "outlinedSizeSmall": Object {
      "fontSize": undefined,
      "padding": undefined,
    },
    "root": Object {
      "&$disabled": Object {
        "color": undefined,
      },
      "&:hover": Object {
        "&$disabled": Object {
          "backgroundColor": undefined,
        },
        "@media (hover: none)": Object {
          "backgroundColor": undefined,
        },
        "backgroundColor": undefined,
      },
      "&[aria-busy=\\"true\\"]": Object {
        "& $label": Object {
          "& > [role=\\"progressbar\\"]": Object {
            "$sizeLarge &": Object {
              "fontSize": 24,
              "left": "calc(50% - 12px)",
              "top": "calc(50% - 12px)",
            },
            "fontSize": 16,
            "left": "calc(50% - 8px)",
            "position": "absolute",
            "top": "calc(50% - 8px)",
            "visibility": "visible",
          },
          "visibility": "hidden",
        },
      },
      "@media (min-width:0px) and (max-width:599.95px)": Object {
        "fontSize": "16px",
        "lineHeight": "24px",
        "padding": "10px 24px",
      },
      "color": undefined,
      "fontSize": "14px",
      "lineHeight": "20px",
      "minWidth": 48,
      "padding": "6px 16px",
      "textTransform": undefined,
      "transition": "color 250ms cubic-bezier(0.4, 0, 0.2, 1) 0ms,border 250ms cubic-bezier(0.4, 0, 0.2, 1) 0ms,box-shadow 250ms cubic-bezier(0.4, 0, 0.2, 1) 0ms,background-color 250ms cubic-bezier(0.4, 0, 0.2, 1) 0ms",
    },
    "sizeLarge": Object {
      "@media (min-width:0px) and (max-width:599.95px)": Object {
        "padding": "16px 64px",
      },
      "fontSize": "16px",
      "lineHeight": "24px",
      "padding": "10px 40px",
    },
    "sizeSmall": Object {
      "@media (min-width:0px) and (max-width:599.95px)": Object {
        "padding": "4px 24px",
      },
      "padding": "2px 16px",
    },
    "text": Object {
      "&[data-color=\\"error\\"]": Object {
        "&$disabled[aria-busy=\\"false\\"]": Object {
          "color": Color.Red100,
        },
        "&:not($disabled)": Object {
          "&:focus": Object {
            "backgroundColor": Color.Red50,
            "boxShadow": "0 0 0 2px #FDC2BA",
          },
          "&:hover, &:active, &[aria-expanded=\\"true\\"]": Object {
            "backgroundColor": Color.Red50,
          },
        },
        "boxShadow": "0 0 0 0 #FDC2BA",
        "color": Color.Red300,
      },
      "&[data-color=\\"primary\\"]": Object {
        "&$disabled[aria-busy=\\"false\\"]": Object {
          "color": Color.Blue100,
        },
        "&:not($disabled)": Object {
          "&:focus": Object {
            "backgroundColor": Color.Blue50,
            "boxShadow": "0 0 0 2px #A8D1FF",
          },
          "&:hover, &:active, &[aria-expanded=\\"true\\"]": Object {
            "backgroundColor": Color.Blue50,
          },
        },
        "boxShadow": "0 0 0 0 #A8D1FF",
        "color": Color.Blue300,
      },
      "&[data-color=\\"success\\"]": Object {
        "&$disabled[aria-busy=\\"false\\"]": Object {
          "color": Color.Green100,
        },
        "&:not($disabled)": Object {
          "&:focus": Object {
            "backgroundColor": Color.Green50,
            "boxShadow": "0 0 0 2px #90EAAE",
          },
          "&:hover, &:active, &[aria-expanded=\\"true\\"]": Object {
            "backgroundColor": Color.Green50,
          },
        },
        "boxShadow": "0 0 0 0 #90EAAE",
        "color": Color.Green300,
      },
      "padding": undefined,
    },
    "textSizeLarge": Object {
      "fontSize": undefined,
      "padding": undefined,
    },
    "textSizeSmall": Object {
      "fontSize": undefined,
      "padding": undefined,
    },
  },
  "MuiCardContent": Object {
    "root": Object {
      "&:last-child": Object {
        "paddingBottom": undefined,
      },
    },
  },
  "MuiDialogActions": Object {
    "root": Object {
      "padding": 24,
    },
    "spacing": Object {
      "& > :not(:first-child)": Object {
        "marginLeft": 16,
      },
    },
  },
  "MuiDialogContent": Object {
    "root": Object {
      "padding": "0px 24px",
    },
  },
  "MuiFormControlLabel": Object {
    "labelPlacementStart": Object {
      "marginRight": -8,
    },
    "root": Object {
      "marginLeft": -8,
    },
  },
  "MuiFormHelperText": Object {
    "contained": Object {
      "margin": "4px 0px 0px 0px",
    },
    "root": Object {
      "@media (min-width:600px)": Object {
        "fontSize": "14px",
        "lineHeight": "20px",
      },
      "fontSize": "16px",
      "lineHeight": "24px",
    },
  },
  "MuiFormLabel": Object {
    "root": Object {
      "&$disabled": Object {
        "color": undefined,
      },
      "&$error": Object {
        "color": undefined,
      },
      "&$focused": Object {
        "color": undefined,
      },
      "@media (min-width:600px)": Object {
        "fontSize": "14px",
        "lineHeight": "20px",
      },
      "fontSize": "16px",
      "lineHeight": "24px",
    },
  },
  "MuiIconButton": Object {
    "colorPrimary": Object {
      "&:active": Object {
        "color": Color.Blue500,
      },
      "&:focus": Object {
        "backgroundColor": Color.Blue50,
      },
      "&:hover ": Object {
        "color": Color.Blue300,
      },
    },
    "edgeEnd": Object {
      "marginRight": -8,
    },
    "edgeStart": Object {
      "marginLeft": -8,
    },
    "root": Object {
      "&$disabled": Object {
        "color": Color.Silver500,
      },
      "&:active": Object {
        "color": Color.Grey500,
      },
      "&:focus": Object {
        "backgroundColor": Color.Silver400,
      },
      "&:hover": Object {
        "backgroundColor": Color.Transparent,
      },
      "&:hover ": Object {
        "color": Color.Grey300,
      },
      "backgroundColor": Color.Transparent,
      "color": Color.Grey100,
      "transition": "color 250ms cubic-bezier(0.4, 0, 0.2, 1) 0ms,background-color 250ms cubic-bezier(0.4, 0, 0.2, 1) 0ms",
    },
  },
  "MuiInputBase": Object {
    "inputMultiline": Object {
      "resize": "vertical",
    },
    "root": Object {
      "&$disabled": Object {
        "backgroundColor": Color.Silver100,
      },
    },
  },
  "MuiInputLabel": Object {
    "formControl": Object {
      "left": undefined,
      "position": undefined,
      "top": undefined,
      "transform": undefined,
    },
    "outlined": Object {
      "&$shrink": Object {
        "transform": undefined,
      },
      "pointerEvents": undefined,
      "transform": undefined,
    },
    "root": Object {
      "@media (min-width:600px)": Object {
        "fontSize": "14px",
        "lineHeight": "20px",
      },
      "color": Color.Grey400,
      "fontSize": "16px",
      "lineHeight": "24px",
      "marginBottom": 4,
    },
    "shrink": Object {
      "transform": undefined,
    },
  },
  "MuiLink": Object {
    "button": Object {
      "border": undefined,
      "textAlign": "initial",
    },
    "root": Object {
      "&.MuiTypography-colorPrimary": Object {
        "&:focus": Object {
          "borderColor": Color.Blue300,
          "outline": "none",
        },
        "&:hover, &:active": Object {
          "borderColor": "currentColor",
          "color": Color.Blue300,
        },
        "borderColor": Color.Silver500,
        "color": Color.Grey500,
      },
      "borderBottom": "0.1em solid",
      "borderLeft": "none",
      "borderRight": "none",
      "borderTop": "none",
      "display": "inline-block",
      "transition": "color 250ms cubic-bezier(0.4, 0, 0.2, 1) 0ms,border-color 250ms cubic-bezier(0.4, 0, 0.2, 1) 0ms",
    },
  },
  "MuiListItem": Object {
    "root": Object {
      "& .MuiTouchRipple-root": Object {
        "color": Color.Blue100,
      },
      "&$selected, &$selected:hover": Object {
        "backgroundColor": Color.Blue50,
      },
    },
  },
  "MuiMenuItem": Object {
    "root": Object {
      "@media (min-width:600px)": Object {
        "fontSize": "14px",
        "lineHeight": "20px",
      },
      "fontSize": "16px",
      "lineHeight": "24px",
      "paddingBottom": 8,
      "paddingTop": 8,
    },
  },
  "MuiOutlinedInput": Object {
    "adornedEnd": Object {
      "paddingRight": 8,
    },
    "adornedStart": Object {
      "paddingLeft": 8,
    },
    "input": Object {
      "@media (min-width:600px)": Object {
        "fontSize": "14px",
        "height": "20px",
        "lineHeight": "20px",
        "padding": "6px 8px",
      },
      "fontSize": "16px",
      "height": "24px",
      "lineHeight": "24px",
      "padding": "10px 16px",
    },
    "multiline": Object {
      "padding": "6px 8px",
    },
    "root": Object {
      "& .MuiInputAdornment-root": Object {
        "& > .MuiSvgIcon-root": Object {
          "@media (min-width:600px)": Object {
            "fontSize": "20px",
          },
          "fontSize": "24px",
        },
        "&.MuiInputAdornment-positionEnd": Object {
          "& > .MuiIconButton-root": Object {
            "marginRight": -4,
            "padding": 8,
          },
        },
        "&.MuiInputAdornment-positionStart": Object {
          "& > .MuiIconButton-root": Object {
            "marginLeft": -4,
            "padding": 8,
          },
        },
      },
      "&:hover $notchedOutline": Object {
        "borderColor": Color.Grey100,
      },
    },
  },
  "MuiPaper": Object {
    "elevation0": Object {
      "border": "1px solid #E1E5EA",
    },
  },
  "MuiSelect": Object {
    "icon": Object {
      "$disabled &": Object {
        "color": Color.Grey100,
      },
      "fontSize": "24px",
    },
    "iconOutlined": Object {
      "right": 4,
    },
    "selectMenu": Object {
      "&&": Object {
        "paddingRight": 28,
      },
      "@media (min-width:600px)": Object {
        "lineHeight": "20px",
      },
      "lineHeight": "24px",
    },
  },
  "MuiSnackbar": Object {
    "anchorOriginBottomCenter": Object {
      "bottom": 0,
      "left": 0,
      "right": 0,
    },
  },
  "MuiSnackbarContent": Object {
    "message": Object {
      "display": "flex",
      "flex": 1,
    },
    "root": Object {
      "@media (min-width:600px)": Object {
        "borderRadius": 4,
        "maxWidth": 432,
        "width": 432,
      },
      "borderRadius": 0,
      "minHeight": 60,
      "width": "100%",
    },
  },
  "MuiSvgIcon": Object {
    "colorAction": Object {
      "color": Color.Grey100,
    },
    "fontSizeLarge": Object {
      "fontSize": "32px",
    },
    "fontSizeSmall": Object {
      "@media (min-width:0px) and (max-width:599.95px)": Object {
        "fontSize": "24px",
      },
      "fontSize": "16px",
    },
    "root": Object {
      "@media (min-width:0px) and (max-width:599.95px)": Object {
        "fontSize": "32px",
      },
      "fontSize": "24px",
    },
  },
  "MuiSwitch": Object {
    "colorPrimary": Object {
      "& + $track": Object {
        "backgroundColor": Color.Silver500,
      },
      "&$checked": Object {
        "&:hover": Object {
          "& + $track": Object {
            "backgroundColor": Color.Blue400,
          },
          "backgroundColor": undefined,
        },
        "color": undefined,
      },
      "&$checked$disabled + $track": Object {
        "backgroundColor": Color.Blue100,
      },
      "&$disabled + $track": Object {
        "backgroundColor": Color.Silver300,
      },
      "&.Mui-focusVisible + $track": Object {
        "boxShadow": "0 0 0 3px #A8D1FF",
      },
      "&:hover + $track": Object {
        "backgroundColor": Color.Grey100,
      },
    },
    "root": Object {
      "@media (min-width:600px)": Object {
        "height": 32,
        "padding": "4px 8px",
        "width": 56,
      },
      "height": 44,
      "padding": "6px 8px",
      "width": 68,
    },
    "switchBase": Object {
      "&$checked": Object {
        "@media (min-width:600px)": Object {
          "transform": "translateX(16px)",
        },
        "transform": "translateX(20px)",
      },
      "&$checked + $track": Object {
        "opacity": undefined,
      },
      "&$disabled + $track": Object {
        "opacity": undefined,
      },
      "@media (min-width:600px)": Object {
        "padding": 8,
      },
      "left": 4,
      "padding": "10px 8px",
    },
    "thumb": Object {
      "@media (min-width:600px)": Object {
        "height": 16,
        "width": 16,
      },
      "boxShadow": undefined,
      "color": Color.White,
      "height": 24,
      "width": 24,
    },
    "track": Object {
      "@media (min-width:600px)": Object {
        "borderRadius": 13,
      },
      "borderRadius": 16,
      "boxShadow": "0 0 0 0 transparent",
      "opacity": undefined,
      "transition": "box-shadow 150ms cubic-bezier(0.4, 0, 0.2, 1) 0ms,background-color 150ms cubic-bezier(0.4, 0, 0.2, 1) 0ms",
    },
  },
  "MuiTab": Object {
    "root": Object {
      "@media (min-width:600px)": Object {
        "fontSize": "14px",
        "lineHeight": "20px",
        "minWidth": undefined,
        "padding": "6px 24px",
      },
      "fontSize": "16px",
      "fontWeight": undefined,
      "lineHeight": "24px",
      "minHeight": 40,
      "textTransform": undefined,
      "transition": "color 250ms cubic-bezier(0.4, 0, 0.2, 1) 0ms",
    },
    "textColorPrimary": Object {
      "&:hover, &:focus": Object {
        "color": Color.Blue300,
      },
      "color": Color.Grey500,
    },
  },
  "MuiTabs": Object {
    "root": Object {
      "minHeight": 40,
    },
  },
  "MuiToolbar": Object {
    "gutters": Object {
      "@media (min-width:600px)": Object {
        "paddingLeft": 16,
        "paddingRight": 16,
      },
    },
    "regular": Object {
      "minHeight": 64,
    },
  },
  "MuiTooltip": Object {
    "arrow": Object {
      "&::before": Object {
        "backgroundColor": "currentColor",
        "borderStyle": undefined,
        "height": "1em",
        "width": "1em",
      },
      "color": Color.Grey400,
      "fontSize": 8,
      "transform": "rotate3d(0, 0, 1, 45deg)",
    },
    "popperArrow": Object {
      "&[x-placement*=\\"bottom\\"] $arrow": Object {
        "&::before": Object {
          "borderColor": undefined,
          "borderTopLeftRadius": 2,
          "borderWidth": undefined,
        },
        "bottom": undefined,
        "height": undefined,
        "left": undefined,
        "marginBottom": "0.6em",
        "marginLeft": "0.6em",
        "marginRight": "0.6em",
        "marginTop": "-0.5em",
        "right": undefined,
        "top": 0,
        "width": undefined,
      },
      "&[x-placement*=\\"left\\"] $arrow": Object {
        "&::before": Object {
          "borderColor": undefined,
          "borderTopRightRadius": 2,
          "borderWidth": undefined,
        },
        "bottom": undefined,
        "height": undefined,
        "left": undefined,
        "marginBottom": "0.6em",
        "marginLeft": "0.6em",
        "marginRight": "-0.5em",
        "marginTop": "0.6em",
        "right": 0,
        "top": undefined,
        "width": undefined,
      },
      "&[x-placement*=\\"right\\"] $arrow": Object {
        "&::before": Object {
          "borderBottomLeftRadius": 2,
          "borderColor": undefined,
          "borderWidth": undefined,
        },
        "bottom": undefined,
        "height": undefined,
        "left": 0,
        "marginBottom": "0.6em",
        "marginLeft": "-0.5em",
        "marginRight": "0.6em",
        "marginTop": "0.6em",
        "right": undefined,
        "top": undefined,
        "width": undefined,
      },
      "&[x-placement*=\\"top\\"] $arrow": Object {
        "&::before": Object {
          "borderBottomRightRadius": 2,
          "borderColor": undefined,
          "borderWidth": undefined,
        },
        "bottom": 0,
        "height": undefined,
        "left": undefined,
        "marginBottom": "-0.5em",
        "marginLeft": "0.6em",
        "marginRight": "0.6em",
        "marginTop": "0.6em",
        "right": undefined,
        "top": undefined,
        "width": undefined,
      },
    },
    "tooltip": Object {
      "backgroundColor": Color.Grey400,
      "fontSize": "14px",
      "lineHeight": "20px",
      "padding": "8px 12px",
      "position": "relative",
    },
  },
  "MuiTypography": Object {
    "body1": Object {
      "@media (min-width:600px)": Object {
        "fontSize": "14px",
        "lineHeight": "20px",
      },
      "fontFamily": "SF Pro Text, -apple-system, BlinkMacSystemFont, 'San Francisco', 'Roboto', 'Segoe UI', 'Helvetica Neue', 'Ubuntu', 'Arial', sans-serif",
      "fontSize": "16px",
      "fontWeight": 600,
      "letterSpacing": undefined,
      "lineHeight": "24px",
      "textTransform": undefined,
    },
    "body2": Object {
      "@media (min-width:600px)": Object {
        "fontSize": "14px",
        "lineHeight": "20px",
      },
      "fontFamily": "SF Pro Text, -apple-system, BlinkMacSystemFont, 'San Francisco', 'Roboto', 'Segoe UI', 'Helvetica Neue', 'Ubuntu', 'Arial', sans-serif",
      "fontSize": "16px",
      "fontWeight": 400,
      "letterSpacing": undefined,
      "lineHeight": "24px",
      "textTransform": undefined,
    },
    "caption": Object {
      "@media (min-width:600px)": Object {
        "fontSize": "12px",
        "lineHeight": "16px",
      },
      "fontFamily": "SF Pro Text, -apple-system, BlinkMacSystemFont, 'San Francisco', 'Roboto', 'Segoe UI', 'Helvetica Neue', 'Ubuntu', 'Arial', sans-serif",
      "fontSize": "13px",
      "fontWeight": 400,
      "letterSpacing": undefined,
      "lineHeight": "18px",
      "textTransform": undefined,
    },
    "h1": Object {
      "@media (min-width:600px)": Object {
        "fontSize": "40px",
        "lineHeight": "32px",
      },
      "fontFamily": "SF Pro Display, -apple-system, BlinkMacSystemFont, 'San Francisco', 'Roboto', 'Segoe UI', 'Helvetica Neue', 'Ubuntu', 'Arial', sans-serif",
      "fontSize": "44px",
      "fontWeight": 700,
      "letterSpacing": undefined,
      "lineHeight": "34px",
      "textTransform": undefined,
    },
    "h2": Object {
      "@media (min-width:600px)": Object {
        "fontSize": "24px",
        "lineHeight": "28px",
      },
      "fontFamily": "SF Pro Display, -apple-system, BlinkMacSystemFont, 'San Francisco', 'Roboto', 'Segoe UI', 'Helvetica Neue', 'Ubuntu', 'Arial', sans-serif",
      "fontSize": "26px",
      "fontWeight": 500,
      "letterSpacing": undefined,
      "lineHeight": "32px",
      "textTransform": undefined,
    },
    "h3": Object {
      "@media (min-width:600px)": Object {
        "fontSize": "20px",
        "lineHeight": "28px",
      },
      "fontFamily": "SF Pro Display, -apple-system, BlinkMacSystemFont, 'San Francisco', 'Roboto', 'Segoe UI', 'Helvetica Neue', 'Ubuntu', 'Arial', sans-serif",
      "fontSize": "22px",
      "fontWeight": 500,
      "letterSpacing": undefined,
      "lineHeight": "32px",
      "textTransform": undefined,
    },
    "h4": Object {
      "@media (min-width:600px)": Object {
        "fontSize": "16px",
        "lineHeight": "24px",
      },
      "fontFamily": "SF Pro Text, -apple-system, BlinkMacSystemFont, 'San Francisco', 'Roboto', 'Segoe UI', 'Helvetica Neue', 'Ubuntu', 'Arial', sans-serif",
      "fontSize": "18px",
      "fontWeight": 500,
      "letterSpacing": undefined,
      "lineHeight": "28px",
      "textTransform": undefined,
    },
    "h5": Object {
      "@media (min-width:600px)": Object {
        "fontSize": "14px",
        "lineHeight": "20px",
      },
      "fontFamily": "SF Pro Text, -apple-system, BlinkMacSystemFont, 'San Francisco', 'Roboto', 'Segoe UI', 'Helvetica Neue', 'Ubuntu', 'Arial', sans-serif",
      "fontSize": "16px",
      "fontWeight": 600,
      "letterSpacing": undefined,
      "lineHeight": "24px",
      "textTransform": undefined,
    },
    "h6": Object {
      "@media (min-width:600px)": Object {
        "fontSize": "12px",
        "lineHeight": "16px",
      },
      "fontFamily": "SF Pro Text, -apple-system, BlinkMacSystemFont, 'San Francisco', 'Roboto', 'Segoe UI', 'Helvetica Neue', 'Ubuntu', 'Arial', sans-serif",
      "fontSize": "13px",
      "fontWeight": 700,
      "letterSpacing": "0.1em",
      "lineHeight": "18px",
      "textTransform": "uppercase",
    },
  },
}
`;

exports[`exposes overridden theme: palette 1`] = `
Object {
  "action": Object {
    "active": "rgba(0, 0, 0, 0.54)",
    "disabled": Color.Silver400,
    "disabledBackground": "rgba(0, 0, 0, 0.12)",
    "hover": Color.Silver100,
    "hoverOpacity": 0.08,
    "selected": Color.Silver300,
  },
  "augmentColor": [Function],
  "background": Object {
    "default": "#fafafa",
    "paper": Color.White,
  },
  "common": Object {
    "black": "#000",
    "white": Color.White,
  },
  "contrastThreshold": 3,
  "divider": "rgba(0, 0, 0, 0.12)",
  "error": Object {
    "contrastText": Color.White,
    "dark": "rgb(166, 33, 16)",
    "light": "rgb(241, 89, 69)",
    "main": Color.Red300,
  },
  "getContrastText": [Function],
  "grey": Object {
    "100": "#f5f5f5",
    "200": "#eeeeee",
    "300": "#e0e0e0",
    "400": "#bdbdbd",
    "50": "#fafafa",
    "500": "#9e9e9e",
    "600": "#757575",
    "700": "#616161",
    "800": "#424242",
    "900": "#212121",
    "A100": "#d5d5d5",
    "A200": "#aaaaaa",
    "A400": "#303030",
    "A700": "#616161",
  },
  "info": Object {
    "contrastText": Color.White,
    "dark": "#1976d2",
    "light": "#64b5f6",
    "main": "#2196f3",
  },
  "primary": Object {
    "contrastText": Color.White,
    "dark": "rgb(0, 81, 178)",
    "light": "rgb(51, 144, 255)",
    "main": Color.Blue300,
  },
  "secondary": Object {
    "contrastText": Color.White,
    "dark": "#c51162",
    "light": "#ff4081",
    "main": "#f50057",
  },
  "success": Object {
    "contrastText": "rgba(0, 0, 0, 0.87)",
    "dark": "#388e3c",
    "light": "#81c784",
    "main": "#4caf50",
  },
  "text": Object {
    "disabled": Color.Grey100,
    "hint": Color.Grey100,
    "primary": Color.Grey500,
    "secondary": Color.Grey200,
  },
  "tonalOffset": 0.2,
  "type": "light",
  "warning": Object {
    "contrastText": "rgba(0, 0, 0, 0.87)",
    "dark": "#ffa000",
    "light": "#ffd54f",
    "main": "#ffc107",
  },
}
`;

exports[`exposes overridden theme: props 1`] = `
Object {
  "MuiAppBar": Object {
    "color": "inherit",
    "elevation": 0,
    "position": "static",
  },
  "MuiButton": Object {
    "disableFocusRipple": true,
  },
  "MuiCard": Object {
    "elevation": 0,
  },
  "MuiDialogTitle": Object {
    "disableTypography": true,
  },
  "MuiInputLabel": Object {
    "shrink": true,
  },
  "MuiLink": Object {
    "underline": "none",
  },
  "MuiMenu": Object {
    "anchorOrigin": Object {
      "horizontal": "left",
      "vertical": "bottom",
    },
    "getContentAnchorEl": null,
    "keepMounted": true,
    "transformOrigin": Object {
      "horizontal": "left",
      "vertical": "top",
    },
  },
  "MuiOutlinedInput": Object {
    "notched": false,
  },
  "MuiPaper": Object {
    "elevation": 0,
  },
  "MuiSwitch": Object {
    "color": "primary",
    "disableFocusRipple": true,
    "disableRipple": true,
  },
  "MuiTabs": Object {
    "indicatorColor": "primary",
    "textColor": "primary",
    "variant": "scrollable",
  },
  "MuiTextField": Object {
    "rows": 4,
    "rowsMax": 4,
    "variant": "outlined",
  },
  "MuiTooltip": Object {
    "arrow": true,
  },
  "MuiTypography": Object {
    "variant": "body2",
  },
}
`;

exports[`exposes overridden theme: shadows 1`] = `
Array [
  "none",
  "0px 2px 1px -1px rgba(0,0,0,0.2),0px 1px 1px 0px rgba(0,0,0,0.14),0px 1px 3px 0px rgba(0,0,0,0.12)",
  "0px 3px 1px -2px rgba(0,0,0,0.2),0px 2px 2px 0px rgba(0,0,0,0.14),0px 1px 5px 0px rgba(0,0,0,0.12)",
  "0px 3px 3px -2px rgba(0,0,0,0.2),0px 3px 4px 0px rgba(0,0,0,0.14),0px 1px 8px 0px rgba(0,0,0,0.12)",
  "0px 2px 4px -1px rgba(0,0,0,0.2),0px 4px 5px 0px rgba(0,0,0,0.14),0px 1px 10px 0px rgba(0,0,0,0.12)",
  "0px 3px 5px -1px rgba(0,0,0,0.2),0px 5px 8px 0px rgba(0,0,0,0.14),0px 1px 14px 0px rgba(0,0,0,0.12)",
  "0px 3px 5px -1px rgba(0,0,0,0.2),0px 6px 10px 0px rgba(0,0,0,0.14),0px 1px 18px 0px rgba(0,0,0,0.12)",
  "0px 4px 5px -2px rgba(0,0,0,0.2),0px 7px 10px 1px rgba(0,0,0,0.14),0px 2px 16px 1px rgba(0,0,0,0.12)",
  "0px 5px 5px -3px rgba(0,0,0,0.2),0px 8px 10px 1px rgba(0,0,0,0.14),0px 3px 14px 2px rgba(0,0,0,0.12)",
  "0px 5px 6px -3px rgba(0,0,0,0.2),0px 9px 12px 1px rgba(0,0,0,0.14),0px 3px 16px 2px rgba(0,0,0,0.12)",
  "0px 6px 6px -3px rgba(0,0,0,0.2),0px 10px 14px 1px rgba(0,0,0,0.14),0px 4px 18px 3px rgba(0,0,0,0.12)",
  "0px 6px 7px -4px rgba(0,0,0,0.2),0px 11px 15px 1px rgba(0,0,0,0.14),0px 4px 20px 3px rgba(0,0,0,0.12)",
  "0px 7px 8px -4px rgba(0,0,0,0.2),0px 12px 17px 2px rgba(0,0,0,0.14),0px 5px 22px 4px rgba(0,0,0,0.12)",
  "0px 7px 8px -4px rgba(0,0,0,0.2),0px 13px 19px 2px rgba(0,0,0,0.14),0px 5px 24px 4px rgba(0,0,0,0.12)",
  "0px 7px 9px -4px rgba(0,0,0,0.2),0px 14px 21px 2px rgba(0,0,0,0.14),0px 5px 26px 4px rgba(0,0,0,0.12)",
  "0px 8px 9px -5px rgba(0,0,0,0.2),0px 15px 22px 2px rgba(0,0,0,0.14),0px 6px 28px 5px rgba(0,0,0,0.12)",
  "0px 8px 10px -5px rgba(0,0,0,0.2),0px 16px 24px 2px rgba(0,0,0,0.14),0px 6px 30px 5px rgba(0,0,0,0.12)",
  "0px 8px 11px -5px rgba(0,0,0,0.2),0px 17px 26px 2px rgba(0,0,0,0.14),0px 6px 32px 5px rgba(0,0,0,0.12)",
  "0px 9px 11px -5px rgba(0,0,0,0.2),0px 18px 28px 2px rgba(0,0,0,0.14),0px 7px 34px 6px rgba(0,0,0,0.12)",
  "0px 9px 12px -6px rgba(0,0,0,0.2),0px 19px 29px 2px rgba(0,0,0,0.14),0px 7px 36px 6px rgba(0,0,0,0.12)",
  "0px 10px 13px -6px rgba(0,0,0,0.2),0px 20px 31px 3px rgba(0,0,0,0.14),0px 8px 38px 7px rgba(0,0,0,0.12)",
  "0px 10px 13px -6px rgba(0,0,0,0.2),0px 21px 33px 3px rgba(0,0,0,0.14),0px 8px 40px 7px rgba(0,0,0,0.12)",
  "0px 10px 14px -6px rgba(0,0,0,0.2),0px 22px 35px 3px rgba(0,0,0,0.14),0px 8px 42px 7px rgba(0,0,0,0.12)",
  "0px 11px 14px -7px rgba(0,0,0,0.2),0px 23px 36px 3px rgba(0,0,0,0.14),0px 9px 44px 8px rgba(0,0,0,0.12)",
  "0px 11px 15px -7px rgba(0,0,0,0.2),0px 24px 38px 3px rgba(0,0,0,0.14),0px 9px 46px 8px rgba(0,0,0,0.12)",
]
`;

exports[`exposes overridden theme: shape 1`] = `
Object {
  "borderRadius": 4,
}
`;

exports[`exposes overridden theme: spacing 1`] = `[Function]`;

exports[`exposes overridden theme: transitions 1`] = `
Object {
  "create": [Function],
  "duration": Object {
    "complex": 375,
    "enteringScreen": 225,
    "leavingScreen": 195,
    "short": 250,
    "shorter": 200,
    "shortest": 150,
    "standard": 300,
  },
  "easing": Object {
    "easeIn": "cubic-bezier(0.4, 0, 1, 1)",
    "easeInOut": "cubic-bezier(0.4, 0, 0.2, 1)",
    "easeOut": "cubic-bezier(0.0, 0, 0.2, 1)",
    "sharp": "cubic-bezier(0.4, 0, 0.6, 1)",
  },
  "getAutoHeightDuration": [Function],
}
`;

exports[`exposes overridden theme: typography 1`] = `
Object {
  "body1": Object {
    "fontFamily": "SF Pro Text, -apple-system, BlinkMacSystemFont, 'San Francisco', 'Roboto', 'Segoe UI', 'Helvetica Neue', 'Ubuntu', 'Arial', sans-serif",
    "fontSize": "1rem",
    "fontWeight": 400,
    "lineHeight": 1.5,
  },
  "body2": Object {
    "fontFamily": "SF Pro Text, -apple-system, BlinkMacSystemFont, 'San Francisco', 'Roboto', 'Segoe UI', 'Helvetica Neue', 'Ubuntu', 'Arial', sans-serif",
    "fontSize": "0.875rem",
    "fontWeight": 400,
    "lineHeight": 1.43,
  },
  "button": Object {
    "fontFamily": "SF Pro Text, -apple-system, BlinkMacSystemFont, 'San Francisco', 'Roboto', 'Segoe UI', 'Helvetica Neue', 'Ubuntu', 'Arial', sans-serif",
    "fontSize": "0.875rem",
    "fontWeight": 500,
    "lineHeight": 1.75,
    "textTransform": "uppercase",
  },
  "caption": Object {
    "fontFamily": "SF Pro Text, -apple-system, BlinkMacSystemFont, 'San Francisco', 'Roboto', 'Segoe UI', 'Helvetica Neue', 'Ubuntu', 'Arial', sans-serif",
    "fontSize": "0.75rem",
    "fontWeight": 400,
    "lineHeight": 1.66,
  },
  "fontFamily": "SF Pro Text, -apple-system, BlinkMacSystemFont, 'San Francisco', 'Roboto', 'Segoe UI', 'Helvetica Neue', 'Ubuntu', 'Arial', sans-serif",
  "fontSize": 14,
  "fontWeightBold": 700,
  "fontWeightLight": 300,
  "fontWeightMedium": 500,
  "fontWeightRegular": 400,
  "h1": Object {
    "fontFamily": "SF Pro Text, -apple-system, BlinkMacSystemFont, 'San Francisco', 'Roboto', 'Segoe UI', 'Helvetica Neue', 'Ubuntu', 'Arial', sans-serif",
    "fontSize": "6rem",
    "fontWeight": 300,
    "lineHeight": 1.167,
  },
  "h2": Object {
    "fontFamily": "SF Pro Text, -apple-system, BlinkMacSystemFont, 'San Francisco', 'Roboto', 'Segoe UI', 'Helvetica Neue', 'Ubuntu', 'Arial', sans-serif",
    "fontSize": "3.75rem",
    "fontWeight": 300,
    "lineHeight": 1.2,
  },
  "h3": Object {
    "fontFamily": "SF Pro Text, -apple-system, BlinkMacSystemFont, 'San Francisco', 'Roboto', 'Segoe UI', 'Helvetica Neue', 'Ubuntu', 'Arial', sans-serif",
    "fontSize": "3rem",
    "fontWeight": 400,
    "lineHeight": 1.167,
  },
  "h4": Object {
    "fontFamily": "SF Pro Text, -apple-system, BlinkMacSystemFont, 'San Francisco', 'Roboto', 'Segoe UI', 'Helvetica Neue', 'Ubuntu', 'Arial', sans-serif",
    "fontSize": "2.125rem",
    "fontWeight": 400,
    "lineHeight": 1.235,
  },
  "h5": Object {
    "fontFamily": "SF Pro Text, -apple-system, BlinkMacSystemFont, 'San Francisco', 'Roboto', 'Segoe UI', 'Helvetica Neue', 'Ubuntu', 'Arial', sans-serif",
    "fontSize": "1.5rem",
    "fontWeight": 400,
    "lineHeight": 1.334,
  },
  "h6": Object {
    "fontFamily": "SF Pro Text, -apple-system, BlinkMacSystemFont, 'San Francisco', 'Roboto', 'Segoe UI', 'Helvetica Neue', 'Ubuntu', 'Arial', sans-serif",
    "fontSize": "1.25rem",
    "fontWeight": 500,
    "lineHeight": 1.6,
  },
  "htmlFontSize": 16,
  "overline": Object {
    "fontFamily": "SF Pro Text, -apple-system, BlinkMacSystemFont, 'San Francisco', 'Roboto', 'Segoe UI', 'Helvetica Neue', 'Ubuntu', 'Arial', sans-serif",
    "fontSize": "0.75rem",
    "fontWeight": 400,
    "lineHeight": 2.66,
    "textTransform": "uppercase",
  },
  "pxToRem": [Function],
  "round": [Function],
  "subtitle1": Object {
    "fontFamily": "SF Pro Text, -apple-system, BlinkMacSystemFont, 'San Francisco', 'Roboto', 'Segoe UI', 'Helvetica Neue', 'Ubuntu', 'Arial', sans-serif",
    "fontSize": "1rem",
    "fontWeight": 400,
    "lineHeight": 1.75,
  },
  "subtitle2": Object {
    "fontFamily": "SF Pro Text, -apple-system, BlinkMacSystemFont, 'San Francisco', 'Roboto', 'Segoe UI', 'Helvetica Neue', 'Ubuntu', 'Arial', sans-serif",
    "fontSize": "0.875rem",
    "fontWeight": 500,
    "lineHeight": 1.57,
  },
}
`;

exports[`exposes overridden theme: zIndex 1`] = `
Object {
  "appBar": 1100,
  "drawer": 1200,
  "mobileStepper": 1000,
  "modal": 1300,
  "snackbar": 1400,
  "speedDial": 1050,
  "tooltip": 1500,
}
`;
